[   0.00000Initalin cgroupubys cust[  000000] Iniiazing cro subsys pu
[   0.0000] Initiaizin crop subsys cpuact
[   0.000] Linuxersion 4.4.-1-generi (uid@lg1-md64-00)gc versin .40 201660(Ubun 54.0-butu1~6..5 ) #135-Ubunu P rri n 9 114836TC 2018 Ubnt 4.012.13geeric 4.4.98)
[    0.000000] Command line: BOOT_IMAGE=/boot/vmlinuz-4.4.0-112-generic root=LABEL=cloudimg-rootfs ro console=tty1 console=ttyS0
[    0.000000]] KENE supported pus
[    0.00000  Intel nueIntl    0.0000]  AD thenicD
[   000000]   ntur CentaurHals
[  0.0000] x86/fp: xstat_offet2]:  56,xste_sizes]: 256
[   000000] x86pu Supprtin XAVE ftu 0x0: x8 floating point registers'
[    0.000000] x86/fpu: Supporting XSAVE feature 0x02: 'SSE registers'
[    0.000000] x86/fpu: SuportingXSAE featue 04: 'X egsts'
[    000000] x6/pu Eaable xtae atres 07,ontext size is 832 bytes, using 'standard' format.
[    0.000000] x86/fpu: Using 'lazy' FPU context switches.
[    0.000000] e820: BOSroiidedhyical AMma:
   000000] BOS820: [mem0x00000000000000-0x000000000009fbff] usable
[    0.000000] BIOS-e820: [mem 0x000000000009fc00-0x000000000009ffff] reseed
[   .0000] BIO-e820: [mm x00000000f0000-0x000000000ffff] reserved
[    0.00000] BIOS-e820: [mm 0x0000000100000-0x00000000fffff] usable
[    000000] BIOSe820: [mem 0x000000003fff0000x000000003fffffff] ACPI dta
[    0.000] BS-820: [mem 0x00000fec00000-0x00000000fec00fff]resve
[    0.000000] BIOS82: [mm 00000000fee00000-0x00000000fee0fffreserve
   0.000000] BIOS-e820: [mem 0x00000000fffc0000-0x00000000ffffffff] reserved
[    0.000000] NX (Execut Dsable) roection: active[    0.000000]MBIOS2.5 present.
[    0.000000] Hpervisor detected: KV
[    .0000] e820: la_pn  0x3ffmax_arcpf =x4000000
[    0.000000] MTRR: Disabled
[    0.000000] x86/PA: RRs dabed, skipping PAT initialization too.
[    0.000000] CPU MTRRs all blank - virtulize sstm.
[    0.000] x86/PAT: Confguaton [07] W  T  UCUC  WB  WT  UC- UC  
[    0.0000 found SM Mtableat[mm 0x0009f00x009ffff]apd at ff88000009fff0]
[    0.0000]Scanning 1 areas for low memory corruption
[    0.000000] RAMDISK: [mem x3adc000-0x755fff
   0.00000] ACPI: Early tablechckum veriicion diabed
[    00000] CP: SD 0x0000000000000 000 (02 VBOX  )
[  0.000000] ACP: DT 0x000000003FF030 003C(v01 VB  VBOXSD 0000001 ASL  0000061)
[   0.00000]CP: AC0x0000000FF00F0 004 (v04 VBOX   VBOXFACP 00000001 ASL  00000061)
    0.00000]AC: SDT 0x00000003FF040 21FF(v VBO  VBXBOS00002 INL 100528
   00000] ACPI: FACS x000000FF020 0004
    0.000000] ACPI: FACS 0x000000003FFF0200 000040
[    0.000000] ACPI: APIC 0x000000003FFF0240 00005C (v02 VBOX   VBOXAPIC 00000001 ASL  00000061)
[    0.000000] ACPI: SSDT 0x000000003FFF02A0 0001CC (v01 VBOX   VBOXCPUT 00000002 INTL 20100528)
[    0.000000] No NUMA configuration found
[    0.000000] Faking a node t mem 0000000000000-00000003feffff]
[   .0000]NO_DATA(0) alocte [mem0x3feb000-3ffefff][    0.000000] kvm-clock:Usngmsrs 4b564d01 and 4b564d00
[    0.000000] kvm-clock: cpu 0, msr 0:3ffe3001, prma cpu clok
[  0.00000 km-clock uin sche oset f 4139124560 cycles
[    0.000000] clocksource: kvm-clock: mask: 0xffffffffffffffff max_cycles: 0x1cd42e4dffb, max_idle_ns: 88159059183ns
[   .00000] Zone rage
[   000000]   DMA    me 0x000000001000-x0000000ffff]
[   .0000   DMA32    [mem 0x000000001000000x000003feffff]
    0.000000   Normal  empty
[   0.0000]   vi   ept
[    00000] ovablezo startfo ech nde
[    0.0000] ary emry ndeange
   0.0000]  node 0:[mem 0x000000001000-00000000009eff]
[  000000]   node   0: [mem 0x00000000100000-0x000000003ffeffff]
[    0.000000] Initmem setup node 0 [mem 0x0000000000001000-0x0000003ffeff]
[    0.000000] ACPI: PM-Timer IO Port: 0x4008
[    0.000000] IOAPIC[0]: apic_id 2, version 32, addrssxfec00, SSI -2
[    0.000000] ACPI: INT_SRC_OVR (bus 0 bus_irq 0 global_irq 2 dfl dfl)
[    0.000000] ACPI: INT_SRC_OVR (bus 0 bus_irq 9 global_irq 9 low level)
[    0.000000] Using ACPI (MADT) for SMP configuration information
[    0.000000] smpboot: Allowing 2 CPUs, 0 hotplugPU
[    0000] PM Rgitered nosave mmoy:[mm 0x000000-00000fff]
[    0.000000] PM: Registere nosave memoy:[mem0x009f000-0x009ffff]
[    00000] M:Reisteedosave mmoy:[mm 0x00000-x000efff]
[    0000000] : Regster nosa mmory: me 0000f000x000ff]
[   00000] 20 [memx400000-xffffff] available for PC dvies
[    0.000000] Botngpaavrtalized kernl n VM
[    0.000000] clckurce: refine-jffes ma: xfffffff mx_ycles: 0xfffff, max_idle_s: 76455160021168 ns[    0.00000]etup_percpu: NR_CPUS51 nr_cpuas_bts:52 _cu_ids:2nrnoe_ids:1
[   .0000]PECPU Embedde 3 pges/cpu @ffff88003fc00000 s99544 r8192 d31528 u1048576
[    0.000000] PV qspinlock hash table entries: 256 (order: 0, 4096 bytes)
[    0.000000]But 1 zonelsts inode ordr,moility groupig n. Ttal pges: 257913
[    0.000000] Policy zone: DMA32
[    0.000000] Kernel command line: BOOT_IMAGE=/boot/vmlinuz-4.4.0-112-gneric rootLAEL=cloudimg-roofsrocconol=ty1 cnslettyS0
[    00000] PID hash table entries: 4096 (order: 3, 32768 bytes)
[    0.00000] Memory: 1001740K/1048120K available (8499K kernel code, 1309K rwdata, 3988K rodata, 1508K init, 1316K bs,46380K reserved, 0K cma-reserved
   0.000] SLUB: HWlin=4,Orde=03,MiObjts0,CPUs=2, Nes1
[  0000000] Kernel/User page tables isolation: enabled
[    0.000000] Hierchica RCU mpemnttion.
   0000000 	ild-time adjustmet f ea fnot to 4.
[  000000] CUresticng CPU fm NR_CP=52 to n_cpu_ids.
[    0.000000] RCU: Adjutig eoetry fr cuanout_ea=6, nrcp_is=2[   0.000000] NRIRS:024 _iqs44 1
    .00000 Console: colour VGA+ 80x25
[    0.000000]cool [tty1] naed
[  0000000] cnsle[tty0]nabled
  0.000000] tsc: Detected 1799.999 MHz processor
[   16.436529] Calibrating delay loop (skipped) preset value.. 3599.99 BogoMIPS (lpj=7199996)
[   16.446742] pid_max: default: 32768 minimum: 301
[   16.480269] ACPI: Core revision 20150930
[   16.499386] ACPI: 2 ACPI AML tables successfully acquired and loaded
[   16.576678] Security Framework initialized
[   16.591071] Yama: becoming mindful.
[   16.599700] AppArmor: AppArmor initialized
[   16.628399] Dentry cache hash table entries: 131072 (order: 8, 1048576 bytes)
[   16.702315] Inode-cache hash table entries: 65536 (order: 7, 524288 bytes)
[   16.727017] Mount-cache hash table entries: 2048 (order: 2, 16384 bytes)
[   16.761251] Mountpoint-cache hash table entries: 2048 (order: 2, 16384 bytes)
[   16.813915] Initializing cgroup subsys io
[   16.840277] Initializing cgroup subsys memory
[   16.861155] Initializing cgroup subsys devices
[   16.900063] Initializing cgroup subsys freezer
[   16.917613] Initializing cgroup subsys net_cls
[   16.919289] Initializing cgroup subsys perf_event
[   16.952071] Initializing cgroup subsys net_prio
[   16.978552] Initializing cgroup subsys hugetlb
[   17.008349] Initializing cgroup subsys pids
[   17.016751] CPU: Physical Processor ID: 0
[   17.030267] CPU: Processor Core ID: 0
[   17.057009] FEATURE SPEC_CTRL Not Present
[   17.120801] mce: CPU supports 0 MCE banks
[   17.159186] Last level iTLB entries: 4KB 64, 2MB 8, 4MB 8
[   17.219811] Last level dTLB entries: 4KB 64, 2MB 0, 4MB 0, 1GB 4
[   17.255464] Freeing SMP alternatives memory: 32K
[   17.332055] ftrace: allocating 32180 entries in 126 pages
[   17.469685] smpboot: APIC(0) Converting physical 0 to logical package 0
[   17.599591] smpboot: Max logical packages: 1
[   17.679672] x2apic enabled
[   17.731963] Switched APIC routing to physical x2apic.
[   17.803033] ..TIMER: vector=0x30 apic1=0 pin1=2 apic2=-1 pin2=-1
[   18.007614] smpboot: CPU0: Intel(R) Core(TM) i5-5350U CPU @ 1.80GHz (family: 0x6, model: 0x3d, stepping: 0x4)
[   18.179127] Performance Events: unsupported p6 CPU model 61 no PMU driver, software events only.
[   18.329201] KVM setup paravirtual spinlock
[   18.405093] x86: Booting SMP configuration:
[   18.473381] .... node  #0, CPUs:      #1
[   18.547186] kvm-clock: cpu 1, msr 0:3ffe3041, secondary cpu clock
[   18.578355] mce: CPU supports 0 MCE banks
[   18.617406] x86: Booted up 1 node, 2 CPUs
[   18.655073] smpboot: Total of 2 processors activated (7199.99 BogoMIPS)
[   18.744301] devtmpfs: initialized
[   18.784720] evm: security.selinux
[   18.811267] evm: security.SMACK64
[   18.812639] evm: security.SMACK64EXEC
[   18.825113] evm: security.SMACK64TRANSMUTE
[   18.859582] evm: security.SMACK64MMAP
[   18.867662] evm: security.ima
[   18.868921] evm: security.capability
[   18.870909] clocksource: jiffies: mask: 0xffffffff max_cycles: 0xffffffff, max_idle_ns: 7645041785100000 ns
[   18.895978] futex hash table entries: 512 (order: 3, 32768 bytes)
[   18.935771] pinctrl core: initialized pinctrl subsystem
[   18.975744] RTC time: 15:21:30, date: 11/01/18
[   19.000931] NET: Registered protocol family 16
[   19.032321] cpuidle: using governor ladder
[   19.068098] cpuidle: using governor menu
[   19.087651] PCCT header not found.
[   19.107773] ACPI: bus type PCI registered
[   19.124716] acpiphp: ACPI Hot Plug PCI Controller Driver version: 0.5
[   19.138618] PCI: Using configuration type 1 for base access
[   19.193858] ACPI: Added _OSI(Module Device)
[   19.223679] ACPI: Added _OSI(Processor Device)
[   19.233009] ACPI: Added _OSI(3.0 _SCP Extensions)
[   19.266281] ACPI: Added _OSI(Processor Aggregator Device)
[   19.300393] ACPI: Executed 1 blocks of module-level executable AML code
[   19.313129] ACPI: Interpreter enabled
[   19.334463] ACPI: (supports S0 S5)
[   19.367210] ACPI: Using IOAPIC for interrupt routing
[   19.382349] PCI: Using host bridge windows from ACPI; if necessary, use "pci=nocrs" and report a bug
[   19.433094] ACPI: PCI Root Bridge [PCI0] (domain 0000 [bus 00-ff])
[   19.486300] acpi PNP0A03:00: _OSC: OS supports [ASPM ClockPM Segments MSI]
[   19.554079] acpi PNP0A03:00: _OSC: not requesting OS control; OS requires [ExtendedConfig ASPM ClockPM MSI]
[   19.633663] acpi PNP0A03:00: fail to add MMCONFIG information, can't access extended PCI configuration space under this bridge.
[   19.733074] PCI host bridge to bus 0000:00
[   19.767344] pci_bus 0000:00: root bus resource [io  0x0000-0x0cf7 window]
[   19.825978] pci_bus 0000:00: root bus resource [io  0x0d00-0xffff window]
[   19.870358] pci_bus 0000:00: root bus resource [mem 0x000a0000-0x000bffff window]
[   19.888782] pci_bus 0000:00: root bus resource [mem 0x40000000-0xfdffffff window]
[   19.914304] pci_bus 0000:00: root bus resource [bus 00-ff]
[   19.960102] pci 0000:00:01.1: legacy IDE quirk: reg 0x10: [io  0x01f0-0x01f7]
[   20.007954] pci 0000:00:01.1: legacy IDE quirk: reg 0x14: [io  0x03f6]
[   20.027740] pci 0000:00:01.1: legacy IDE quirk: reg 0x18: [io  0x0170-0x0177]
[   20.062304] pci 0000:00:01.1: legacy IDE quirk: reg 0x1c: [io  0x0376]
[   20.133146] pci 0000:00:07.0: quirk: [io  0x4000-0x403f] claimed by PIIX4 ACPI
[   20.208374] pci 0000:00:07.0: quirk: [io  0x4100-0x410f] claimed by PIIX4 SMB
[   20.317217] ACPI: PCI Interrupt Link [LNKA] (IRQs 5 9 10 *11)
[   20.395694] ACPI: PCI Interrupt Link [LNKB] (IRQs 5 9 *10 11)
[   20.453936] ACPI: PCI Interrupt Link [LNKC] (IRQs 5 *9 10 11)
[   20.522538] ACPI: PCI Interrupt Link [LNKD] (IRQs 5 9 10 *11)
[   20.589954] ACPI: Enabled 2 GPEs in block 00 to 07
[   20.637637] vgaarb: setting as boot device: PCI:0000:00:02.0
[   20.713457] vgaarb: device added: PCI:0000:00:02.0,decodes=io+mem,owns=io+mem,locks=none
[   20.813535] vgaarb: loaded
[   20.848269] vgaarb: bridge control possible 0000:00:02.0
[   20.918145] SCSI subsystem initialized
[   20.958208] ACPI: bus type USB registered
[   21.005481] usbcore: registered new interface driver usbfs
[   21.085332] usbcore: registered new interface driver hub
[   21.145630] usbcore: registered new device driver usb
[   21.204761] PCI: Using ACPI for IRQ routing
[   21.250403] NetLabel: Initializing
[   21.273822] NetLabel:  domain hash size = 128
[   21.326492] NetLabel:  protocols = UNLABELED CIPSOv4
[   21.378428] NetLabel:  unlabeled traffic allowed by default
[   21.425358] amd_nb: Cannot enumerate AMD northbridges
[   21.482611] clocksource: Switched to clocksource kvm-clock
[ 21923]ppmor: AppmoFisyemnaed[ 22862]pnp: PnPACI it[ 227645 pp:nPACPI:fod  dic
[   23.052990] clocksource: acpi_pm: mask: 0xffffff max_cycles: 0xffffff, max_idle_ns: 2085701024 ns
[   23.133972] NET: Registered protocol family 2
[   23.181471] TCP established hash table entries: 8192 (order: 4, 65536 bytes)
[   23.186484] TCP bind hash table entries: 8192 (order: 5, 131072 bytes)
[   23.311589] TCP: Hash tables configured (established 8192 bind 8192)
[   23.421961] UDP hash table entries: 512 (order: 2, 16384 bytes)
[   23.439247] UDP-Lite hash table entries: 512 (order: 2, 16384 bytes)
[   23.462825] NET: Registered protocol family 1
[   23.472264] pci 0000:00:00.0: Limiting direct PCI/PCI transfers
[   23.474564] pci 0000:00:01.0: Activating ISA DMA hang workarounds
[   23.491774] Unpacking initramfs...
[   25.394680] Freeing initrd memory: 10792K
[   25.491241] RAPL PMU detected, API unit is 2^-32 Joules, 4 fixed counters 10737418240 ms ovfl timer
[   25.681438] hw unit of domain pp0-core 2^-0 Joules
[   25.766674] hw unit of domain package 2^-0 Joules
[   25.814456] hw unit of domain dram 2^-0 Joules
[   25.832847] hw unit of domain pp1-gpu 2^-0 Joules
[   258470 ptfm tcmo risreplfo R dice(nPNdeceoun
[   26.836913] Scanning for low memory corruption every 60 seconds
[   26842967 tc:Rene TC ocoue liatn:7953MH

[   26.29] ocsorc: tsc: mask: 0xffffffffffffffff max_cycles: 0x19f0753eb22, max_idle_ns: 440795248071 ns
[   27.956284] audit: initializing netlink subsys (disabled)
[   28.031740] audit: type=2000 audit(1541085684.379:1): initialized
[   28.120738] Initialise system trusted keyring
[   28.17890] HugeTLB registre2  pgeiz p-alote0 ge

[   287285 zbud: loaed

[   8.67] FS: Disk uos uo6..0
[  293347 VS:qu-chehah abe ntries: 52 rder 0, 96yt)
[ 30246sqsh: rson 4.(29//3 Pll Luger
[   30.811264] fuse init (API version 7.23)
[   30.921404] Key type big_key registered
[   31.011856] Allocating IMA MOK and blacklist keyrings.
[   31.118028] Key type asymmetric registered
[   31.236653] Asymmetric key parser 'x509' registered
[   31.317267] Block layer SCSI generic (bsg) driver version 0.4 loaded (major 249)
[   31.422864] io scheduler noop registered
[   31.466283] io scheduler deadline registered (default)
[   31.521513] io scheduler cfq registered
[   31.555209] pci_hotplug: PCI Hot Plug PCI Core version: 0.5
[   31.584053] pciehp: PCI Express Hot Plug Controller Driver version: 0.4
[   31.622454] ACPI: AC Adapter [AC] (off-line)
[   31.707492] input: Power Button as /devices/LNXSYSTM:00/LNXPWRBN:00/input/input0
[   31.837468] ACPI: Power Button [PWRF]
[   31.931692] input:  leep Button as /devices/LNXSYSTM:00/LNXSLPBN:00/input/input1
[   32.107609] ACPI: Sleep Button [SLPF]
[   32.187042] GHES: HEST is not enabled!
[   32.189977] ACPI: Battery Slot [BAT0] (battery present)
[   32.322685] Serial: 8250/16550 driver, 32 ports, IRQ sharing enabled
[   32.531971] 00:02: ttyS0 at I/O 0x3f8 (irq = 4, base_baud = 115200) is a 16550A
[   32.640511] Linux agpgart interface v0.103
[   32.690538] loop: module loaded
[   32.703525] scsi host0: ata_piix
[   32.714221] scsi host1: ata_piix
[   32.728373] ata1: PATA max UDMA/33 cmd 0x1f0 ctl 0x3f6 bmdma 0xd000 irq 14
[   32.863730] ata2: PATA max UDMA/33 cmd 0x170 ctl 0x376 bmdma 0xd008 irq 15
[   32.886885] libphy: Fixed MDIO Bus: probed
[   33.027212] tun: Universal TUN/TAP device driver, 1.6
[   33.091893] tun: (C) 1999-2004 Max Krasnyansky <maxk@qualcomm.com>
[   33.191947] PPP generic driver version 2.4.2
[   33.281435] ehci_hcd: USB 2.0 'Enhanced' Host Controller (EHCI) Driver
[   333380669] ehci-pci: EHCI PCI platform driver
[   33.457172] ehci-platform: EHCI generic platform driver
[   33.547744] ohci_hcd: USB 1.1 'Open' Host Controller (OHCI) Driver
[   33.611446] ohci-pci: OHCI PCI platform driver
[   33.679807] ohci-platform: OHCI generic platform driver
[   33.818324] uhci_hcd: USB Universal Host Controller Interface driver
[   33.826599] i8042: PNP: PS/2 Controller [PNP0303:PS2K,PNP0f03:PS2M] at 0x60,0x64 irq 1,12
[   33.849365] serio: i8042 KBD port at 0x60,0x64 irq 1
[   33.857769] serio: i8042 AUX port at 0x60,0x64 irq 12
[   33.869710] mousedev: PS/2 mouse device common for all mice
[   33.882168] input: AT Translated Set 2 keyboard as /devices/platform/i8042/serio0/input/input2
[   33.895568] rtc_cmos rtc_cmos: rtc core: registered rtc_cmos as rtc0
[   33.075]tccms rt_cs:lamsp to one day, 114 bytesnvm
[   34.934]2c/dev entresrir  4.18749] evcemape: evnt vrson.0
[   35.244399] device-mapper: ioctl: 4.34.0-ioctl (2015-10-28) initialised: dm-devel@redhat.com
[   35.368665] ledtrig-cpu: registered to indicate activity on CPUs
[   35.427586] NET: Registered protocol family 10
[   35.477405] NET: Registered protocol family 17
[   35.480902] Key type dns_resolver registered
[   35.525107] microcode: CPU0 sig=0x306d4, pf=0x40, revision=0x0
[   35.542016] microcode: CPU1 sig=0x306d4, pf=0x40, revision=0x0
[   35.548815] microcode: Microcode Update Driver: v2.01 <tigran@aivazian.fsnet.co.uk>, Peter Oruba
[   35.572999] registered taskstats version 1
[   35.647340] Loading compiled-in X.509 certificates
[   35.715936] Loaded X.509 cert 'Build time autogenerated kernel key: 4c603087bab8f0a02cb3b4e1fb4c40f507e71ef1'
[   35.760193] zswap: loaded using pool lzo/zbud
[   35.829185] Key type trusted registered
[   35.878800] Key type encrypted registered
[   35.897304] AppArmor: AppArmor sha1 policy hashing enabled
[   36.025110] ima: No TPM chip found, activating TPM-bypass!
[   36.116611] evm: HMAC attrs: 0x1
[   36.159625]   Magic number: 10:518:385
[   36.181535] thermal cooling_device0: hash matches
[   36.217328] rtc_cmos rtc_cmos: setting system clock to 2018-11-01 15:21:47 UTC (1541085707)
[   36.291680] BIOS EDD facility v0.16 2004-Jun-25, 0 devices found
[   36.345583] EDD information not available.
[   36.384333] Freeing unused kernel memory: 1508K
[   36.455746] Write protecting the kernel read-only data: 14336k
[   36.499859] Freeing unused kernel memory: 1728K
[   36.541807] Freeing unused kernel memory: 108K
Loading, please wait...
starting version[   36.569754] random: systemd-udevd: uninitialized urandom read (16 bytes read, 7 bits of entropy available)
 229
[   36.570456] random: udevadm: uninitialized urandom read (16 bytes read, 7 bits of entropy available)
[   36.570480] random: udevadm: uninitialized urandom read (16 bytes read, 7 bits of entropy available)
[   36.582036] random: udevadm: uninitialized urandom read (16 bytes read, 7 bits of entropy available)
[   36.582089] random: udevadm: uninitialized urandom read (16 bytes read, 7 bits of entropy available)
[   36.582270] random: udevadm: uninitialized urandom read (16 bytes read, 7 bits of entropy available)
[   36.582339] random: udevadm: uninitialized urandom read (16 bytes read, 7 bits of entropy available)
[   36.582410] random: udevadm: uninitialized urandom read (16 bytes read, 7 bits of entropy available)
[   36.582479] random: udevadm: uninitialized urandom read (16 bytes read, 7 bits of entropy available)
[   36.582546] random: udevadm: uninitialized urandom read (16 bytes read, 7 bits of entropy available)
[   37.470166] e1000: Intel(R) PRO/1000 Network Driver - version 7.3.21-k8-NAPI
[   37.503512] e1000: Copyright (c) 1999-2006 Intel Corporation.
[   37.548813] Fusion MPT base driver 3.04.20
[   37.552291] Copyright (c) 1999-2008 LSI Corporation
[   37.575492] AVX2 version of gcm_enc/dec engaged.
[   37.598566] AES CTR mode by8 optimization enabled
[   37.604407] Fusion MPT SPI Host driver 3.04.20
[   37.872187] input: ImExPS/2 Generic Explorer Mouse as /devices/platform/i8042/serio1/input/input5
[   38.055360] e1000 0000:00:03.0 eth0: (PCI:33MHz:32-bit) 02:1f:2a:60:99:e3
[   38.109160] e1000 0000:00:03.0 eth0: Intel(R) PRO/1000 Network Connection
[   38.704814] e1000 0000:00:08.0 eth1: (PCI:33MHz:32-bit) 08:00:27:c1:9b:14
[   38.806460] e1000 0000:00:08.0 eth1: Intel(R) PRO/1000 Network Connection
[   38.855970] e1000 0000:00:03.0 enp0s3: renamed from eth0
[   38.915192] mptbase: ioc0: Initiating bringup
[   38.975779] e1000 0000:00:08.0 enp0s8: renamed from eth1
[   39.022985] ioc0: LSI53C1030 A0: Capabilities={Initiator}
[   39.331878] scsi host2: ioc0: LSI53C1030 A0, FwRev=00000000h, Ports=1, MaxQ=256, IRQ=20
[   40.941358] floppy0: no floppy controllers found
[   41.991726] scsi 2:0:0:0: Direct-Access     VBOX     HARDDISK         1.0  PQ: 0 ANSI: 5
[   42.004688] scsi target2:0:0: Beginning Domain Validation
[   42.037720] scsi target2:0:0: Domain Validation skipping write tests
[   42.081971] scsi target2:0:0: Ending Domain Validation
[   42.111990] scsi target2:0:0: asynchronous
[   42.143752] scsi 2:0:1:0: Direct-Access     VBOX     HARDDISK         1.0  PQ: 0 ANSI: 5
[   42.163419] scsi target2:0:1: Beginning Domain Validation
[   42.178325] scsi target2:0:1: Domain Validation skipping write tests
[   42.194543] scsi target2:0:1: Ending Domain Validation
[   42.203563] scsi target2:0:1: asynchronous
[   42.236327] sd 2:0:0:0: [sda] 20971520 512-byte logical blocks: (10.7 GB/10.0 GiB)
[   42.238937] sd 2:0:0:0: Attached scsi generic sg0 type 0
[   42.241173] sd 2:0:1:0: Attached scsi generic sg1 type 0
[   42.242326] sd 2:0:1:0: [sdb] 20480 512-byte logical blocks: (10.5 MB/10.0 MiB)
[   42.242738] sd 2:0:1:0: [sdb] Write Protect is off
[   42.243013] sd 2:0:1:0: [sdb] Incomplete mode parameter data
[   42.243015] sd 2:0:1:0: [sdb] Assuming drive cache: write through
[   42.249033] sd 2:0:1:0: [sdb] Attached SCSI disk
[   42.713808] sd 2:0:0:0: [sda] Write Protect is off
[   42.751521] sd 2:0:0:0: [sda] Incomplete mode parameter data
[   42.805178] sd 2:0:0:0: [sda] Assuming drive cache: write through
[   42.895484]  sda: sda1
[   42.936163] sd 2:0:0:0: [sda] Attached SCSI disk
Begin: Loading e[   44.405727] md: linear personality registered for level -1
ssential drivers[   44.539982] md: multipath personality registered for level -4
 ... [   44.651726] md: raid0 personality registered for level 0
[   44.724818] md: raid1 personality registered for level 1
[   44.842883] raid6: sse2x1   gen()  8793 MB/s
[   44.954911] raid6: sse2x1   xor()  6627 MB/s
[   45.078920] raid6: sse2x2   gen() 10473 MB/s
[   45.198738] raid6: sse2x2   xor()  7181 MB/s
[   45.326882] raid6: sse2x4   gen() 10272 MB/s
[   45.458652] raid6: sse2x4   xor()  7856 MB/s
[   45.566638] raid6: avx2x1   gen() 14154 MB/s
[   45.670640] raid6: avx2x2   gen() 18862 MB/s
[   45.802874] raid6: avx2x4   gen() 22448 MB/s
[   45.852749] raid6: using algorithm avx2x4 gen() 22448 MB/s
[   45.915348] raid6: using avx2x2 recovery algorithm
[   45.977277] xor: automatically using best checksumming function:
[   46.106814]    avx       : 21673.000 MB/sec
[   46.181400] async_tx: api initialized (async)
[   46.252513] md: raid6 personality registered for level 6
[   46.337161] md: raid5 personality registered for level 5
[   46.412796] md: raid4 personality registered for level 4
[   46.435058] md: raid10 personality registered for level 10
done.
Begin: Running /scripts/init-premount ... done.
Begin: Mounting root file system ... Begin: Running /scripts/local-top ... done.
Begin: Running /scripts[   46.517650] Btrfs loaded
/local-premount ... Scanning for Btrfs filesystems
done.
Warning: fsck no[   46.620972] EXT4-fs (sda1): mounted filesystem with ordered data mode. Opts: (null)
t present, so skipping root file system
done.
Begin: Running /scripts/local-bottom ... done.
Begin: Running /scripts/init-bottom ... done.
[   46.946235] systemd[1]: systemd 229 running in system mode. (+PAM +AUDIT +SELINUX +IMA +APPARMOR +SMACK +SYSVINIT +UTMP +LIBCRYPTSETUP +GCRYPT +GNUTLS +ACL +XZ -LZ4 +SECCOMP +BLKID +ELFUTILS +KMOD -IDN)
[   47.168767] systemd[1]: Detected virtualization oracle.
[   47.180323] systemd[1]: Detected architecture x86-64.

Welcome to [1mUbuntu 16.04.3 LTS[0m!

[   47.965] systemd[1]: Se htnmeo buntu>.
[   47.575282] systemd[1]: Initializing machine ID from random generator.
[   47.608956] systemd[1]: Installed transient /etc/machine-id file.
[   47.765825] random: nonblocking pool is initialized
[  48.128041] ste[1 Ltengn eve-apper entaen FO.
[[0;32m  OK  [0m] Listening on Device-mapper event daemon FIFOs.
[   48.9111 stemd[]:isening on oualud Sck.
[[0;32m  OK  [0m] Listening on Journal Audit Socket.
[ 494996 sted[: Reached art Useran Goup Name Lokps.
[[0;32m  OK  [0m] Reached target User and Group Name Lookups.
[ 50950] ste[1 Ltengn sl Ske
[[0;32m  OK  [0m] Listening on Syslog Socket.
[  58588 ste[1: Liteng on udev Control Soet
[[0;32m  OK  [0m] Listening on udev Control Socket.
[   1.34] std[]: SaredFowa Pswd qutso llircty tch.
[[0;32m  OK  [0m] Started Forward Password Requests to Wall Directory Watch.
[   52.888949] systemd[1]: Listening on LVM2 poll daemon socket.
[[0;32m  OK  [0m] Listening on LVM2 poll daemon socket.
[   2.5082]ysemd[]:tated Tigr socof uda f nwod S.
[[0;32m  OK  [0m] Started Trigger resolvconf update for networkd DNS.
[   5784261]ysem1]Litengonudev Kernel Socket.
[[0;32m  OK  [0m] Listening on udev Kernel Socket.
[ 542177syemd[1]:istening on Journal Socket (/de/l).

[[0;32m  OK  [0m] Listening on Journal Socket (/dev/log).
[  56413sytemd[1 Cat sicSyemlice.
[[0;32m  OK  [0m] Created slice System Slice.
[ 55989]ystemd]:reed sice sysm-seralx2et.sice.
[[0;32m  OK  [0m] Created slice system-serial\x2dgetty.slice.
[ 559198syte[1 LtengonVMmeda dmosoet
[[0;32m  OK  [0m] Listening on LVM2 metadata daemon socket.
[ 56.737217] systemd[1]: Reached art ap
[[0;32m  OK  [0m] Reached target Swap.
[   7.39] stmd1]: Listening on /dev/initct Copaibliy mePie.

[[0;32m  OK  [0m] Listening on /dev/initctl Compatibility Named Pipe.
[   57.739191] systemd[1]: Listening on Journal Socket.
[[0;32m  OK  [0m] Listening on Journal Socket.
[   57.799456] systemd[1]: Starting Set console keymap...
         Starting Set console keymap...
[   57.909201] systemd[1]: Starting Nameserver information manager...
         Starting Nameserver information manager...
[   57.980067] systemd[1]: Starting Create list of required static device nodes for the current kernel...
         Starting Create list of required st... nodes for the current kernel...
[   58.105251] systemd[1]: Starting Uncomplicated firewall...
         Starting Uncomplicated firewall...
[   58.187358] systemd[1]: Mounting Huge Pages File System...
         Mounting Huge Pages File System...
[   58.303621] systemd[1]: Starting Load Kernel Modules...
         Starting Load Kernel Modules...[   58.373935] Loading iSCSI transport class v2.0-870.

[   58.495993] iscsi: registered transport (tcp)
[   58.579009] systemd[1]: Starting Journal Service...
         Starting Journal Service...
[   58.697431] iscsi: registered transport (iser)
[   58.773548] systemd[1]: Created slice User and Session Slice.
[[0;32m  OK  [0m] Created slice User and Session Slice.
[ 58790]syem[1]: ReahetageSlce
[[0;32m  OK  [0m] Reached target Slices.
[   59.475525] systemd[1]: Starting Remount Root and Kernel File Systems...
         [   59.566499] EXT4-fs (sda1): re-mounted. Opts: (null)
Starting Remount Root and Kernel File Systems...
[   59.703245] systemd[1]: Mounting POSIX Message Queue File System...
         Mounting POSIX Message Queue File System...
[   59.835727] systemd[1]: Starting Monitoring of LVM2 mirrors, snapshots etc. using dmeventd or progress polling...
         Starting Monitoring of LVM2 mirrors... dmeventd or progress polling...
[ 605511syem1] Rch tget EnryptedVome
[[0;32m  OK  [0m] Reached target Encrypted Volumes.
[   60.771055] systemd[1]: Mounting Debug File System...
         Mounting Debug File System...
[  68813 systemd[1]: etupaumot biar Eecab Fe Forms leysm Autoout Point.
[[0;32m  OK  [0m] Set up automount Arbitrary Executab...ats File System Automount Point.
[   61.993133] systemd[1]: Mounted Huge Pages File System.
[[0;32m  OK  [0m] Mounted Huge Pages File System.
[   62.095411] systemd[1]: Mounted Debug File System.
[[0;32m  OK  [0m] Mounted Debug File System.
[ 62240]ysmd1] Mounted POX sse euFie System.
[[0;32m  OK  [0m] Mounted POSIX Message Queue File System.
[ 62390]ysem1]StteJonaSevi.
[[0;32m  OK  [0m] Started Journal Service.
[[0;32m  OK  [0m] Started Set console keymap.
[[0;32m  OK  [0m] Started Create list of required sta...ce nodes for the current kernel.
[[0;32m  OK  [0m] Started Uncomplicated firewall.
[[0;32m  OK  [0m] Started Load Kernel Modules.
[[0;32m  OK  [0m] Started Remount Root and Kernel File Systems.
[[0;32m  OK  [0m] Started Nameserver information manager.
[[0;32m  OK  [0m] Started LVM2 metadata daemon.
         Starting Initial cloud-init job (pre-networking)...
         Starting Load/Save Random Seed...
         Starting udev Coldplug all Devices...
         Mounting FUSE Control File System...
         Starting Apply Kernel Variables...
         Starting Create Static Device Nodes in /dev...
         Starting Flush Journal to Persistent Storage...
[[0;32m  OK  [0m] Mounted FUSE Control File System.
[[0;32m  OK  [0m] Started Monitoring of LVM2 mirrors,...ng dmeventd or progress polling.
[[0;32m  OK  [0m] Started Load/Save Random Seed.
[[0;32m  OK  [0m] Started Apply Kernel Variables.
[[0;32m  OK  [0m] Started Create Static Device Nodes in /dev.
[[0;32m  OK  [0m] Started udev Coldplug all Devices.
[[0;32m  OK  [0m] Started Flush Journal to Persistent Storage.
         Starting udev Kernel Device Manager...
[[0;32m  OK  [0m] Started udev Kernel Device Manager.
[[0;32m  OK  [0m] Reached target Local File Systems (Pre).
[[0;32m  OK  [0m] Reached target Local File Systems.
         Starting Commit a transient machine-id on disk...
         Starting Tell Plymouth To Write Out Runtime Data...
         Starting Create Volatile Files and Directories...
         Starting LSB: AppArmor initialization...
         Starting Set console font and keymap...
[[0;32m  OK  [0m] Started Dispatch Password Requests to Console Directory Watch.
[[0;32m  OK  [0m] Started Commit a transient machine-id on disk.
[[0;32m  OK  [0m] Started Tell Plymouth To Write Out Runtime Data.
[[0;32m  OK  [0m] Started Create Volatile Files and Directories.
[[0;32m  OK  [0m] Found device /dev/ttyS0.
         Starting Update UTMP about System Boot/Shutdown...
[[0;32m  OK  [0m] Reached target System Time Synchronized.
[[0;32m  OK  [0m] Started Update UTMP about System Boot/Shutdown.
[[0;32m  OK  [0m] Listening on Load/Save RF Kill Switch Status /dev/rfkill Watch.
[   45.525745] cloud-init[446]: Cloud-init v. 17.1 running 'init-local' at Thu, 01 Nov 2018 15:22:16 +0000. Up 44.55 seconds.
[[0;32m  OK  [0m] Started Initial cloud-init job (pre-networking).
[[0;32m  OK  [0m] Started LSB: AppArmor initialization.
[[0;32m  OK  [0m] Reached target Network (Pre).
         Starting Raise network interfaces...
[[0;32m  OK  [0m] Started Set console font and keymap.
[[0;32m  OK  [0m] Created slice system-getty.slice.
[[0;32m  OK  [0m] Started Raise network interfaces.
         Starting Initial cloud-init job (metadata service crawler)...
[[0;32m  OK  [0m] Reached target Network.
[   49.041556] cloud-init[958]: Cloud-init v. 17.1 running 'init' at Thu, 01 Nov 2018 15:22:20 +0000. Up 48.20 seconds.
[   49.145081] cloud-init[958]: ci-info: ++++++++++++++++++++++++++++++++++++++Net device info++++++++++++++++++++++++++++++++++++++
[[0;32m  OK  [0m] Started Initial cloud-init job (metadata service crawler).
[   49.145969] cloud-init[958]: ci-info: +--------+-------+----------------------------+---------------+-------+-------------------+
[   49.405406] cloud-init[958]: ci-info: | Device |   Up  |          Address           |      Mask     | Scope |     Hw-Address    |
[   49.406224] cloud-init[958]: ci-info: +--------+-------+----------------------------+---------------+-------+-------------------+
[[0;32m  OK  [0m] Reached target System Initialization.
[   49.407061] cloud-init[958]: ci-info: | enp0s3 |  True |         10.0.2.15          | 255.255.255.0 |   .   | 02:1f:2a:60:99:e3 |
[   49.801044] cloud-init[958]: ci-info: | enp0s3 |  True | fe80::1f:2aff:fe60:99e3/64 |       .       |  link | 02:1f:2a:60:99:e3 |
[   49.801798] cloud-init[958]: ci-info: | enp0s8 | False |             .              |       .       |   .   | 08:00:27:c1:9b:14 |
[[0;32m  OK  [0m] Started ACPI Events Check.
[[   49.802126] cloud-init[958]: ci-info: |   lo   |  True |         127.0.0.1          |   255.0.0.0   |   .   |         .         |
[   50.078526] cloud-init[958]: ci-info: |   lo   |  True |          ::1/128           |       .       |  host |         .         |
[0;32m  OK  [0m] Reached target Paths.
[   50.079032] cloud-init[958]: ci-info: +--------+-------+----------------------------+---------------+-------+-------------------+
[   50.394176] cloud-init[958]: ci-info: +++++++++++++++++++++++++++Route IPv4 info++++++++++++++++++++++++++++
[[0;32m  OK  [0m] Started Daily Cleanup of Temporary Directories.
[   50.394657] cloud-init[958]: ci-info: +-------+-------------+----------+---------------+-----------+-------+
         Starting Socket activation for snappy daemon.
[   50.617777] cloud-init[958]: ci-info: | Route | Destination | Gateway  |    Genmask    | Interface | Flags |
[[   50.747817] cloud-init[958]: ci-info: +-------+-------------+----------+---------------+-----------+-------+
[0;32m  OK  [0m] Started Timer to automatically refresh installed snaps.
[   50.749442] cloud-init[958]: ci-info: |   0   |   0.0.0.0   | 10.0.2.2 |    0.0.0.0    |   enp0s3  |   UG  |
[   50.933763] cloud-init[958]: ci-info: |   1   |   10.0.2.0  | 0.0.0.0  | 255.255.255.0 |   enp0s3  |   U   |
[[   50.934445] [0;32m  OK  [0mcloud-init] [958]: Listening on UUID daemon activation socket.ci-info: +-------+-------------+----------+---------------+-----------+-------+

[[   50.935073] cloud-init[958]: Generating public/private rsa key pair.
[   51.198081] cloud-init[958]: Your identification has been saved in /etc/ssh/ssh_host_rsa_key.
[0;32m  OK  [0m] Listening on ACPID Listen Socket.
[   51.198281] cloud-init[958]: Your public key has been saved in /etc/ssh/ssh_host_rsa_key.pub.
[   51.789083] cloud-init[958]: The key fingerprint is:
[   51.789968] cloud-init[958]: SHA256:iigmw7YOHeRWl0tKArcN9T0rTw9LoiwIlo1wasdqfW4 root@ubuntu-xenial
         Starting LXD - unix socket.
[   51.790395] cloud-init[958]: The key's randomart image is:
[   51.927877] cloud-init[958]: +---[RSA 2048]----+
[[0;32m  OK  [0m] Listening on D-Bus System Message Bus Socket.
[   51.928198] cloud-init[958]: |. o..            |
[[0;32m  OK  [0m] Reached target Cloud-config availability.
[   52.037905] cloud-init[958]: | o + . o         |
[   52.096494] cloud-init[958]: |. = + = o        |
[   52.097158] [cloud-init[0;32m  OK  [0m[958]: ] |.==+ + . o       |Reached target Network is Online.

[   52.097655] cloud-init[958]: |o=++. + S        |
[   52.172987] cloud-init[958]: |=+++ o B +       |
[[0;32m  OK  [0m] Started Daily apt download activities.
[   52.175160] cloud-init[958]: |**+.+.. o .      |
[   52.253467] cloud-init[958]: |*o..oE           |
[   52.254306] cloud-init[[958]: [0;32m  OK  [0m|.o  ..           |] 
Started Daily apt upgrade and clean activities.
[[   52.254636] cloud-init[958]: +----[SHA256]-----+
[   52.369213] cloud-init[958]: Generating public/private dsa key pair.
[0;32m  OK  [0m] Reached target Timers.
[   52.369404] cloud-init[958]: Your identification has been saved in /etc/ssh/ssh_host_dsa_key.
[   52.605054] cloud-init[958]: Your public key has been saved in /etc/ssh/ssh_host_dsa_key.pub.
         Starting iSCSI initiator daemon (iscsid)...
[   52.606018] cloud-init[958]: The key fingerprint is:
[   52.606418] cloud-init[958]: SHA256:GCRuYbwl9ksTVUUh7A+83EqeOzJJw+Z7WHBC9MIP/3Y root@ubuntu-xenial
[   52.821010] cloud-init[958]: The key's randomart image is:
[[0;32m  OK  [0m] Listening on Socket activation for snappy daemon.
[   52.822317] cloud-init[958]: +---[DSA 1024]----+
[[0;32m  OK  [0m] Listening on LXD - unix socket.
[   52.950493] cloud-init[958]: |   .+ .ooooo+.   |
[[0;32m  OK  [0m] Started iSCSI initiator daemon (iscsid).
[   53.072683] cloud-init[958]: |   o++o.....     |
[   53.140976] cloud-init[958]: |   .o=.o+o.      |
[   53.141636] cloud-init[958]: |   .. +oo==      |
         Starting Login to default iSCSI targets...
[   53.142140] cloud-init[958]: |     ..+S=o=     |
[   53.230524] cloud-init[958]: |      . = =.o    |
[[0;32m  OK  [0m] Reached target Sockets.
[   53.231235] cloud-init[958]: |       + B oo E  |
[   53.362916] cloud-init[958]: |        * *. .   |
[[0;32m  OK  [0m] Reached target Basic System.
[   53.363327] cloud-init[958]: |        .=.o     |
[   53.520582] cloud-init[958]: +----[SHA256]-----+
[   53.521341] cloud-init[958]: Generating public/private ecdsa key pair.
         Starting System Logging Service...
[   53.521927] cloud-init[958]: Your identification has been saved in /etc/ssh/ssh_host_ecdsa_key.
[   53.680647] cloud-init[958]: Your public key has been saved in /etc/ssh/ssh_host_ecdsa_key.pub.
[   53.681732] cloud-init[958]: The key fingerprint is:
         Starting /etc/rc.local Compatibility...
[   53.682518] cloud-init[958]: SHA256:/vvptHYOcI8B2/8/AEBTMVfUR3nlx/AXJOH02iWM/1w root@ubuntu-xenial
[   53.843420] cloud-init[958]: The key's randomart image is:
[   53.844203] cloud-init[958]: +---[ECDSA 256]---+
[[0;32m  OK  [0m] Started D-Bus System Message Bus.
[   53.844642] cloud-init[958]: |        .o.+.=***|
[   53.956660] cloud-init[958]: |         .. =oo*=|
[[0;32m  OK  [0m] Started Deferred execution scheduler.
[   53.958554] cloud-init[958]: |          o ..o.X|
         [   54.072755] Starting LSB: Record successful boot for GRUB...cloud-init
[958]: |           = .o.+|
[   54.074343] cloud-init[958]: |        S o =...E|
[   54.216678] cloud-init[958]: |       .   o * o.|
[   54.217949] cloud-init[958]: |        .   + + o|
[[0;32m  OK  [0m] Started Regular background program processing daemon.
[   54.218402] cloud-init[958]: |         . ..+.o |
[   54.356907] cloud-init[958]: |          o==o. =|
         [   54.383059] Starting Pollinate to seed the pseudo random number generator...cloud-init
[958]: +----[SHA256]-----+
         [   54.472767] Starting LSB: MD monitoring daemon...cloud-init
[958]: Generating public/private ed25519 key pair.
[   54.474465] cloud-init[958]: Your identification has been saved in /etc/ssh/ssh_host_ed25519_key.
[   54.541818] cloud-init[958]: Your public key has been saved in /etc/ssh/ssh_host_ed25519_key.pub.
[   54.543461] cloud-init[958]: The key fingerprint is:
[   54.545843] cloud-init[958]: SHA256:PqN8Ijqw8R6mmmEaVHHUa/l2KOCTK0hgotZKS4jYFsg root@ubuntu-xenial
[[   54.546135] [0;32m  OK  [0mcloud-init] [958]: Started Unattended Upgrades Shutdown.The key's randomart image is:

[   54.546581] cloud-init[958]: +--[ED25519 256]--+
[   54.663651] cloud-init[958]: |   ..o.          |
[   54.693582] cloud-init[958]: |    o  .         |
         Starting LXD - container startup/shutdown...
[   54.694534] cloud-init[958]: |.. .    o        |
[   54.800546] cloud-init[958]: |+Eo  . +         |
[   54.801341] cloud-init[958]: |Oo... + S .      |
         Starting Login Service...
[   54.801968] cloud-init[958]: |O=o. + o + .     |
[   54.821141] cloud-init[958]: |BB*   o * .      |
[   54.838867] cloud-init[958]: |+Xoo.o...o       |
[[0;32m  OK  [0m] Started FUSE filesystem for LXC.
[   54.859747] cloud-init[958]: |*.oo..oo         |
[   54.881655] cloud-init[958]: +----[SHA256]-----+
[[0;32m  OK  [0m] Started ACPI event daemon.
         Starting Snappy daemon...
         Starting Accounts Service...
         Starting Apply the settings specified in cloud-config...
[[0;32m  OK  [0m] Started System Logging Service.
[[0;32m  OK  [0m] Started /etc/rc.local Compatibility.
[[0;32m  OK  [0m] Started Pollinate to seed the pseudo random number generator.
[[0;32m  OK  [0m] Started LXD - container startup/shutdown.
[[0;32m  OK  [0m] Started Login to default iSCSI targets.
[[0;32m  OK  [0m] Started Snappy daemon.
[[0;32m  OK  [0m] Started LSB: Record successful boot for GRUB.
[[0;32m  OK  [0m] Started LSB: MD monitoring daemon.
[[0;32m  OK  [0m] Started Login Service.
         Starting Authenticate and Authorize Users to Run Privileged Tasks...
[[0;32m  OK  [0m] Reached target Remote File Systems (Pre).
[[0;32m  OK  [0m] Reached target Remote File Systems.
         Starting LSB: Set the CPU Frequency Scaling governor to "ondemand"...
         Starting LSB: daemon to balance interrupts for SMP systems...
         Starting LSB: automatic crash report generation...
         Starting Permit User Sessions...
         Starting LSB: VirtualBox Linux Additions...
         Starting OpenBSD Secure Shell server...
[[0;32m  OK  [0m] Started Permit User Sessions.
[[0;32m  OK  [0m] Started OpenBSD Secure Shell server.
[[0;32m  OK  [0m] Started Authenticate and Authorize Users to Run Privileged Tasks.
[[0;32m  OK  [0m] Started Accounts Service.
[[0;32m  OK  [0m] Started LSB: Set the CPU Frequency Scaling governor to "ondemand".
[[0;32m  OK  [0m] Started LSB: daemon to balance interrupts for SMP systems.
[[0;32m  OK  [0m] Started LSB: automatic crash report generation.
         Starting Hold until boot process finishes up...
         Starting Terminate Plymouth Boot Screen...
[[0;32m  OK  [0m] Started Hold until boot process finishes up.
[[0;32m  OK  [0m] Started Terminate Plymouth Boot Screen.
[[0;32m  OK  [0m] Started LSB: VirtualBox Linux Additions.
[[0;32m  OK  [0m] Created slice User Slice of vagrant.
         Starting User Manager for UID 1000...
[[0;32m  OK  [0m] Started Session 1 of user vagrant.
[[0;32m  OK  [0m] Started Serial Getty on ttyS0.
[   56.201752] cloud-init[1156]: Generating locales (this might take a while)...
[[0;32m  OK  [0m] Started Getty on tty1.
[[0;32m  OK  [0m] Reached target Login Prompts.
[[0;32m  OK  [0m] Reached target Multi-User System.
[[0;32m  OK  [0m] Reached target Graphical Interface.
         Starting Update UTMP about System Runlevel Changes...
         Starting Set console scheme...
[[0;32m  OK  [0m] Started User Manager for UID 1000.
[[0;32m  OK  [0m] Started Set console scheme.
[[0;32m  OK  [0m] Started Update UUMP about System Runlevel Changes.
[   57.518577] cloud-init[1156]:   en_US.UTF-8... done
[   57.560124] cloud-init[1156]: Generation complete.
[   58.006293] cloud-init[1156]: Cloud-init v. 17.1 running 'modules:config' at Thu, 01 Nov 2018 15:22:27 +0000. Up 55.79 seconds.
[[0;32m  OK  [0m] Started Apply the settings specified in cloud-config.
         Starting Execute cloud user/final scripts...
         Stopping User Manager for UID 1000...
[[0;32m  OK  [0m] Stopped User Manager for UID 1000.
[[0;32m  OK  [0m] Removed slice User Slice of vagrant.
[[0;32m  OK  [0m] Created slice User Slice of vagrant.
ci-info: no authorized ssh keys fingerprints found for user ubuntu.
         Starting User Manager for UID 1000...
[[0;32m  OK  [0m] Started User Manager for UID 1000.
<14>Nov  1 15:22:31 ec2: 
<14>Nov  1 15:22:31 ec2: #############################################################
<14>Nov  1 15:22:31 ec2: -----BEGIN SSH HOST KEY FINGERPRINTS-----
<14>Nov  1 15:22:31 ec2: 1024 SHA256:GCRuYbwl9ksTVUUh7A+83EqeOzJJw+Z7WHBC9MIP/3Y root@ubuntu-xenial (DSA)
<14>Nov  1 15:22:31 ec2: 256 SHA256:/vvptHYOcI8B2/8/AEBTMVfUR3nlx/AXJOH02iWM/1w root@ubuntu-xenial (ECDSA)
<14>Nov  1 15:22:31 ec2: 256 SHA256:PqN8Ijqw8R6mmmEaVHHUa/l2KOCTK0hgotZKS4jYFsg root@ubuntu-xenial (ED25519)
<14>Nov  1 15:22:31 ec2: 2048 SHA256:iigmw7YOHeRWl0tKArcN9T0rTw9LoiwIlo1wasdqfW4 root@ubuntu-xenial (RSA)
<14>Nov  1 15:22:31 ec2: -----END SSH HOST KEY FINGERPRINTS-----
<14>Nov  1 15:22:31 ec2: #############################################################
-----BEGIN SSH HOST KEY KEYS-----
ecdsa-sha2-nistp256 AAAAE2VjZHNhLXNoYTItbmlzdHAyNTYAAAAIbmlzdHAyNTYAAABBBE6TsKZUfgnvPNHZtbIVZNndmWXoDNqJxxjqBbYb6GOG2qdl3MGJPU/ygkCx1+ccoUbkENqcELvA3JwE/9GqDyY= root@ubuntu-xenial
ssh-ed25519 AAAAC3NzaC1lZDI1NTE5AAAAIIqUjPAi+moCFyVoqiIy1NuoL1lRQJNj222dxWjcwWxv root@ubuntu-xenial
ssh-rsa AAAAB3NzaC1yc2EAAAADAQABAAABAQDEkfHSxtCBAmrG/31Kvu7pogH+acFr1mWwG/Lp0ecBK0kvXkRE3FvtGOAQm1z0JyX9VvnzxKwgBlYR34EM59/qr84gBsBTKT2/ADyVPJ7FKB3RoJJDSNamSshbILWI+o6QR4NoeLBhPc2FM0/Xxbw3ugS65CDrBSDP0A4kVr3fk6OvucKJumA/EWhGV/tfFm8oy1miHatGW4fOh2hDP/NLFTSs7svXtm6TUiKS0yEgOS4unDHjfmEKsNdhbQ6LfrSX08i1M1gb5z3/MZqmhDpUP8l8OO2UMBGt9HSDoWYIXWj9mFan2LeRxoetLfjCHmOj/4qaiRcrBNPucfPPFnlJ root@ubuntu-xenial
-----END SSH HOST KEY KEYS-----
[[0;32m  OK  [0m] Started Session 2 of user vagrant.
[   60.545845] cloud-init[1449]: Cloud-init v. 17.1 running 'modules:final' at Thu, 01 Nov 2018 15:22:30 +0000. Up 58.79 seconds.
[   60.636284] cloud-init[1449]: ci-info: no authorized ssh keys fingerprints found for user ubuntu.
[   60.696528] cloud-init[1449]: Cloud-init v. 17.1 finished at Thu, 01 Nov 2018 15:22:32 +0000. Datasource DataSourceNoCloud [seed=/dev/sdb][dsmode=net].  Up 60.52 seconds
[[0;32m  OK  [0m] Started Execute cloud user/final scripts.
[[0;32m  OK  [0m] Reached target Cloud-init target.

Ubuntu 16.04.3 LTS ubuntu-xenial ttyS0

ubuntu-xenial login: 